// Jest Snapshot v1, https://goo.gl/fbAQLP

exports[`Test Page Indexer 1`] = `
<div
  id="page-index-container"
>
  <div
    id="left-button"
    onClick={[Function]}
  >
    <i
      className="arrow left big icon"
    />
  </div>
  <div
    id="right-button"
    onClick={[Function]}
  >
    <i
      className="arrow right big icon"
    />
  </div>
</div>
`;
